// Jest Snapshot v1, https://goo.gl/fbAQLP

exports[`List Snapshot 1`] = `
<ul
  className="list"
>
  <li
    className="movie-tile"
  >
    <div
      className="movie-tile__wrapper-left"
    >
      <h3
        className="movie-tile__title"
      >
        Ad Astra
      </h3>
      <p>
        2019-09-17
      </p>
    </div>
    <div
      className="movie-tile__wrapper-right"
    >
      <p
        className="movie-tile__rating"
      >
        6
      </p>
      <button
        className="movie-tile__button"
        onClick={[Function]}
      >
        INFO
      </button>
    </div>
  </li>
  <li
    className="movie-tile"
  >
    <div
      className="movie-tile__wrapper-left"
    >
      <h3
        className="movie-tile__title"
      >
        Birds of Prey (and the Fantabulous Emancipation of One Harley Quinn)
      </h3>
      <p>
        2020-02-05
      </p>
    </div>
    <div
      className="movie-tile__wrapper-right"
    >
      <p
        className="movie-tile__rating"
      >
        7.1
      </p>
      <button
        className="movie-tile__button"
        onClick={[Function]}
      >
        INFO
      </button>
    </div>
  </li>
</ul>
`;
